<html>
<body>
<pre>
<h1>µVision Build Log</h1>
<h2>Project:</h2>
C:\ADI_Room\ADI_Docs\Fermi_App_Notes\20150614_FromHari\Fermi_AppNote01302015\I2C_AppNote\ADuCM360_I2C_AppNote.uvproj
Project File Date:  11/11/2014

<h2>Output:</h2>
Rebuild target 'ADuCM360_I2C_AppNote'
assembling ADuCM360StartUp.s...
compiling ADuCM360_Regs.c...
compiling JongSuLib_V2.c...
JongSuLib_V2.c(26): warning:  #186-D: pointless comparison of unsigned integer with zero
compiling ADuCM360_Test_Lib.c...
ADuCM360_Test_Lib.c(417): warning:  #177-D: variable "i" was declared but never referenced
compiling ADuCM360_I2C_AppNote.c...
ADuCM360_I2C_AppNote.c(91): warning:  #111-D: statement is unreachable
linking...
Program Size: Code=8012 RO-data=1152 RW-data=836 ZI-data=1716  
FromELF: creating hex file...
".\Debug\ADuCM360_AppNote.axf" - 0 Errors, 3 Warning(s).
